Wed Oct  7 23:53:41 IST 2026 - Selected opiton: 1
Wed Oct  7 23:53:51 IST 2026 - Selected opiton: 6
Wed Oct  7 23:54:07 IST 2026 - Selected opiton: 1
Wed Oct  7 23:54:13 IST 2026 - Selected opiton: 2
Wed Oct  7 23:54:18 IST 2026 - Selected opiton: 5
Wed Oct  7 23:54:23 IST 2026 - Selected opiton: 4
Wed Oct  7 23:55:37 IST 2026 - Selected opiton: 5
Wed Oct  7 23:55:42 IST 2026 - Selected opiton: 3
Wed Oct  7 23:55:48 IST 2026 - Selected opiton: 2
Wed Oct  7 23:55:51 IST 2026 - Selected opiton: 6
Wed Oct  7 23:56:15 IST 2026 - Selected opiton: 2
Wed Oct  7 23:56:18 IST 2026 - Selected opiton: 3
Wed Oct  7 23:56:23 IST 2026 - Selected opiton: 4
Wed Oct  7 23:57:19 IST 2026 - Selected opiton: 6
Wed Oct  7 23:57:23 IST 2026 - Selected opiton: 4
Wed Oct  7 23:57:43 IST 2026 - Selected opiton: 6
Thu Oct  8 21:49:09 IST 2026 - Selected opiton:  Program closed
Thu Oct  8 21:49:31 IST 2026 - Selected opiton: Login failed
Thu Oct  8 21:49:33 IST 2026 - Selected opiton: Login failed
Thu Oct  8 21:49:35 IST 2026 - Selected opiton: Login Successful
Thu Oct  8 21:49:41 IST 2026 - Selected opiton: Osinfo fetched
Thu Oct  8 21:50:26 IST 2026 - Selected opiton: Login Successful
Thu Oct  8 21:50:28 IST 2026 - Selected opiton:  Program closed
Thu Oct  8 21:52:12 IST 2026 - Selected opiton: Login Successful
Thu Oct  8 21:52:17 IST 2026 - Selected opiton:  CPU info fetched
Thu Oct  8 21:52:27 IST 2026 - Selected opiton:  Program closed
